// Jest Snapshot v1, https://goo.gl/fbAQLP

exports[`card snapshot 1`] = `
<div
  className="bg-light-blue dib br3 pa3 ma2 grow bw2 shadow-5"
>
  <img
    alt="robot_img"
    src="https://robohash.org/undefined?size=300x300"
  />
  <div>
    <h2>
       
       
    </h2>
    <p>
       
       
    </p>
  </div>
</div>
`;
